[17:48:28] [INIT] KubeJS 1902.6.2-build.73; MC 1902 forge
[17:48:28] [INIT] Loaded plugins:
[17:48:28] [INIT] - dev.latvian.mods.kubejs.forge.BuiltinKubeJSForgePlugin
[17:48:28] [INIT] - dev.latvian.mods.kubejs.forge.BuiltinKubeJSForgeClientPlugin
[17:48:28] [INIT] - com.common.keybindjs.kubejs.KeyBindJSPlugin
[17:48:28] [INIT] - dev.thestaticvoid.capejs.kubejs.CapeJSPlugin
[17:48:28] [INIT] - net.liopyu.entityjs.EntityJSPlugin
[17:48:28] [INIT] - snownee.lychee.compat.kubejs.LycheeKubeJSPlugin
[17:48:30] [INFO] Loaded script startup_scripts:block_modification.js in 0.069 s
[17:48:30] [INFO] Loaded script startup_scripts:entity_modification.js in 0.001 s
[17:48:30] [INFO] attribute_modification.js#2: Loaded Java class 'net.minecraft.world.entity.ai.attributes.AttributeModifier'
[17:48:30] [INFO] Loaded script startup_scripts:attribute_modification.js in 0.01 s
[17:48:30] [INFO] Loaded script startup_scripts:stack_sizes.js in 0.001 s
[17:48:30] [INFO] Loaded script startup_scripts:sounds.js in 0.001 s
[17:48:30] [INFO] Loaded script startup_scripts:worldgen.js in 0.001 s
[17:48:30] [INFO] block_registration.js#3: Loaded Java class 'java.awt.Color'
[17:48:30] [INFO] Loaded script startup_scripts:block_registration.js in 0.036 s
[17:48:30] [INFO] pig_riding.js#2: Loaded Java class 'net.minecraft.world.phys.Vec2'
[17:48:30] [INFO] pig_riding.js#4: Loaded Java class 'net.minecraft.client.Minecraft'
[17:48:30] [INFO] Loaded script startup_scripts:pig_riding.js in 0.01 s
[17:48:30] [INFO] Loaded script startup_scripts:item_registration.js in 0.004 s
[17:48:30] [INFO] Loaded script startup_scripts:item_modification.js in 0.003 s
[17:48:30] [INFO] Loaded script startup_scripts:keybind.js in 0.001 s
[17:48:30] [INFO] burnable.js#29: Loaded Java class 'java.lang.Integer'
[17:48:30] [INFO] burnable.js#30: Loaded Java class 'it.unimi.dsi.fastutil.objects.Object2IntMap'
[17:48:30] [INFO] burnable.js#31: Loaded Java class 'net.minecraft.world.level.block.Blocks'
[17:48:30] [INFO] Loaded script startup_scripts:burnable.js in 0.022 s
[17:48:30] [INFO] jumpy_mobs.js#15: Loaded Java class 'net.minecraft.core.Direction$Axis'
[17:48:30] [INFO] jumpy_mobs.js#16: Loaded Java class 'net.liopyu.entityjs.builders.modification.ModifyPathfinderMobBuilder'
[17:48:30] [INFO] Loaded script startup_scripts:jumpy_mobs.js in 0.011 s
[17:48:30] [INFO] Loaded script startup_scripts:painting_registration.js in 0.002 s
[17:48:30] [INFO] Loaded script startup_scripts:effect_registration.js in 0.003 s
[17:48:30] [INFO] Loaded 15/15 KubeJS startup scripts in 1.01 s
